// Jest Snapshot v1, https://goo.gl/fbAQLP

exports[`renders correctly 1`] = `"<document><page style=\\"padding-top: 35px; padding-bottom: 65px; font-family: Sofia Pro; font-weight: light;\\"><view style=\\"display: flex; flex-direction: row; padding-bottom: 5px;\\"><text style=\\"font-size: 9px;\\">January 18, 2021</text><text style=\\"font-size: 9px; text-align: center; margin-right: 20%;\\">Code Consulting Ltd. Detailed Time Entry Report</text></view><view style=\\"margin-top: 20px;\\"><text style=\\"font-family: Nunito; font-size: 35px; text-align: left; font-weight: bold;\\">Code Consulting Ltd. Detailed Time Entry Report</text><text>January 18, 2021 - January 18, 2021</text><view style=\\"margin-top: 60px; flex-direction: row; font-size: 25px;\\"><text style=\\"font-family: Nunito; margin-right: 15px; font-weight: bold;\\"></text><text>Total Hours</text></view><view style=\\"flex-direction: row; font-size: 12px;\\"><text>Includes: </text><text>entries for undefined</text></view></view></page><page style=\\"padding-top: 35px; padding-bottom: 65px; font-family: Sofia Pro; font-weight: light;\\"><view style=\\"display: flex; flex-direction: row; padding-bottom: 5px;\\"><text style=\\"font-size: 9px;\\">January 18, 2021</text><text style=\\"font-size: 20px; text-align: center; margin-right: 25%;\\"></text></view></page></document>"`;
